2025-09-16 07:24:57,616 INFO: Starting WipeTech Pro (logs -> wipe.log)
2025-09-16 07:24:59,455 DEBUG: RUN: lsblk -dno NAME,TYPE,SIZE,MODEL
2025-09-16 07:24:59,475 DEBUG: OUT: loop0   loop  73.9M 
loop1   loop     4K 
loop2   loop  73.9M 
loop3   loop   258M 
loop4   loop 246.4M 
loop5   loop   516M 
loop6   loop  11.1M 
loop7   loop  91.7M 
loop8   loop  10.8M 
loop9   loop  10.8M 
loop10  loop  50.8M 
loop11  loop   568K 
loop12  loop  44.4M 
loop13  loop   576K 
loop14  loop 210.4M 
loop15  loop   226M 
sda     disk 465.8G WDC WD5000LPVX-22V0TT0
sdb     disk 931.5G Samsung SSD 870 EVO 1TB
nvme0n1 disk 476.9G SAMSUNG MZVLQ512HALU-000H1
ERR: 
RC: 0
2025-09-16 07:25:01,171 DEBUG: RUN: lsblk -dno NAME,TYPE,SIZE,MODEL
2025-09-16 07:25:01,191 DEBUG: OUT: loop0   loop  73.9M 
loop1   loop     4K 
loop2   loop  73.9M 
loop3   loop   258M 
loop4   loop 246.4M 
loop5   loop   516M 
loop6   loop  11.1M 
loop7   loop  91.7M 
loop8   loop  10.8M 
loop9   loop  10.8M 
loop10  loop  50.8M 
loop11  loop   568K 
loop12  loop  44.4M 
loop13  loop   576K 
loop14  loop 210.4M 
loop15  loop   226M 
sda     disk 465.8G WDC WD5000LPVX-22V0TT0
sdb     disk 931.5G Samsung SSD 870 EVO 1TB
nvme0n1 disk 476.9G SAMSUNG MZVLQ512HALU-000H1
ERR: 
RC: 0
2025-09-16 07:25:03,023 INFO: Fetching SMART info...
2025-09-16 07:25:03,023 DEBUG: RUN: sudo smartctl -i /dev/sdb
2025-09-16 07:25:03,070 DEBUG: OUT: smartctl 7.4 2023-08-01 r5530 [x86_64-linux-6.14.0-29-generic] (local build)
Copyright (C) 2002-23, Bruce Allen, Christian Franke, www.smartmontools.org

=== START OF INFORMATION SECTION ===
Model Family:     Samsung based SSDs
Device Model:     Samsung SSD 870 EVO 1TB
Serial Number:    S6P5NX0T110792H
LU WWN Device Id: 5 002538 f42115985
Firmware Version: SVT02B6Q
User Capacity:    1,000,204,886,016 bytes [1.00 TB]
Sector Size:      512 bytes logical/physical
Rotation Rate:    Solid State Device
Form Factor:      2.5 inches
TRIM Command:     Available, deterministic, zeroed
Device is:        In smartctl database 7.3/5528
ATA Version is:   ACS-4 T13/BSR INCITS 529 revision 5
SATA Version is:  SATA 3.3, 6.0 Gb/s (current: 6.0 Gb/s)
Local Time is:    Tue Sep 16 07:25:03 2025 IST
SMART support is: Available - device has SMART capability.
SMART support is: Enabled
ERR: 
RC: 0
2025-09-16 07:25:03,070 INFO:   Checking for Host Protected Area (HPA)...
2025-09-16 07:25:03,070 DEBUG: RUN: sudo hdparm -N /dev/sdb
2025-09-16 07:25:03,086 DEBUG: OUT: /dev/sdb:
 max sectors   = 1953525168/1953525168, HPA is disabled
ERR: 
RC: 0
2025-09-16 07:25:03,086 INFO:   HPA not present (unlocked).
2025-09-16 07:25:03,086 INFO:   Checking for Device Configuration Overlay (DCO)...
2025-09-16 07:25:03,087 DEBUG: RUN: sudo hdparm --dco-identify /dev/sdb
2025-09-16 07:25:03,112 DEBUG: OUT: /dev/sdb:
DCO Checksum verified.
DCO Revision: 0x0002
The following features can be selectively disabled via DCO:
	Transfer modes:
		 mdma0 mdma1 mdma2
		 udma0 udma1 udma2 udma3 udma4 udma5 udma6
	Real max sectors: 1953525168
	ATA command/feature sets:
		 SMART self_test error_log security HPA 48_bit
		 FUA selective_test write_read_verify
		 trusted_computing WRITE_UNC_EXT
	SATA command/feature sets:
		 NCQ interface_power_management SSP
ERR: 
RC: 0
2025-09-16 07:25:03,112 INFO:   DCO status appears default/not present.
2025-09-16 07:25:03,713 DEBUG: RUN: lsblk -ln -o NAME,MOUNTPOINT /dev/sdb
2025-09-16 07:25:03,721 DEBUG: OUT: sdb
ERR: 
RC: 0
2025-09-16 07:25:05,122 DEBUG: RUN: sudo sgdisk --zap-all /dev/sdb
2025-09-16 07:25:06,185 DEBUG: OUT: Creating new GPT entries in memory.
GPT data structures destroyed! You may now partition the disk using fdisk or
other utilities.
ERR: 
RC: 0
2025-09-16 07:25:06,185 DEBUG: RUN: sync
2025-09-16 07:25:06,198 DEBUG: OUT: 
ERR: 
RC: 0
